// Jest Snapshot v1, https://jestjs.io/docs/snapshot-testing

exports[`GivenDarkTheme_WhenRenderingSendState_ThenExposeSendButtonIcon: DarkSendActionButtonMarkup 1`] = `
<button
  aria-label="发送"
  class="action-button action-button-send"
  type="button"
>
  <span
    aria-hidden="true"
    class="action-button-icon"
    data-icon-name="send-button"
    data-render-mode="inline"
    draggable="false"
  >
    file-mock
  </span>
</button>
`;

exports[`GivenStandardProps_WhenRenderingView_ThenMatchSnapshot 1`] = `
<div>
  <form
    class="input-wrapper"
  >
    <div
      aria-label="dictionary search"
      class="search-box input-surface"
      data-language-visible="true"
      data-testid="searchbar"
      role="search"
    >
      <div
        class="language-slot"
        data-visible="true"
      >
        <div
          class="language-launcher-wrapper"
        >
          <button
            aria-expanded="false"
            aria-haspopup="menu"
            aria-label="源语言 → 目标语言"
            class="language-launcher-button"
            title="源语言 → 目标语言"
            type="button"
          >
            <svg
              aria-hidden="true"
              class="language-launcher-icon"
              data-icon-name="language-triad"
              focusable="false"
              role="img"
              viewBox="0 0 24 24"
              xmlns="http://www.w3.org/2000/svg"
            >
              <circle
                cx="12"
                cy="6"
                r="2.5"
              />
              <circle
                cx="7"
                cy="18"
                r="2.5"
              />
              <circle
                cx="17"
                cy="18"
                r="2.5"
              />
            </svg>
          </button>
        </div>
      </div>
      <span
        aria-hidden="true"
        class="input-divider"
        data-visible="true"
      />
      <div
        class="text-slot"
      >
        <div
          class="core-input"
        >
          <textarea
            class="textarea"
            placeholder="Say something"
            rows="2"
          >
            example
          </textarea>
          <button
            aria-hidden="true"
            class="submit-proxy"
            tabindex="-1"
            type="submit"
          />
        </div>
      </div>
      <div
        class="action-slot"
      >
        <button
          aria-label="发送"
          class="action-button action-button-send"
          type="button"
        >
          <span
            aria-hidden="true"
            class="action-button-icon"
            data-icon-name="send-button"
            data-render-mode="inline"
            draggable="false"
          >
            file-mock
          </span>
        </button>
      </div>
    </div>
  </form>
</div>
`;
