// Jest Snapshot v1, https://jestjs.io/docs/snapshot-testing

exports[`AuthForm submits valid credentials 1`] = `
<DocumentFragment>
  <div
    class="auth-page"
  >
    <img
      alt="Glancy"
      class="inline-block align-middle text-onsurface auth-logo"
      loading="lazy"
      src="/assets/glancy-web-light.svg"
    />
    <div
      class="auth-brand"
    >
      Glancy
    </div>
    <h1
      class="auth-title"
    >
      Login
    </h1>
    <form
      class="auth-form"
    >
      <input
        class="auth-input"
        placeholder="Username"
        value="alice"
      />
      <div
        class="password-row-single"
      >
        <div
          class="wrapper"
          data-visible="false"
        >
          <input
            autocomplete="current-password"
            class="input auth-input"
            placeholder="Password"
            type="password"
            value="secret"
          />
          <button
            aria-label="Show password"
            aria-pressed="false"
            class="toggle"
            type="button"
          >
            <img
              alt="Show password"
              class="inline-block align-middle text-onsurface"
              height="20"
              loading="lazy"
              src="/assets/eye-light.svg"
              width="20"
            />
          </button>
        </div>
      </div>
      <button
        class="btn auth-primary-btn"
        data-variant="secondary"
        type="submit"
      >
        Continue
      </button>
    </form>
    <div
      class="auth-switch"
    >
      Have account? 
      <a
        href="/register"
      >
        Sign up
      </a>
    </div>
    <div
      aria-label="Other login options"
      class="divider"
      role="separator"
    >
      <span
        class="divider-label"
      >
        Other login options
      </span>
    </div>
    <div
      class="login-options"
    >
      <button
        class="btn"
        data-variant="secondary"
        type="button"
      >
        <img
          alt="wechat"
          class="inline-block align-middle text-onsurface"
          loading="lazy"
          src="/assets/wechat-light.svg"
        />
      </button>
    </div>
    <div
      class="auth-footer"
    >
      <div
        class="footer-links"
      >
        <a
          href="#"
        >
          Terms of Use
        </a>
         | 
        <a
          href="#"
        >
          Privacy Policy
        </a>
      </div>
      <div
        class="icp"
      >
        <a
          href="https://beian.miit.gov.cn/"
          rel="noopener"
          target="_blank"
        >
          京ICP备2025135702号-1
        </a>
      </div>
    </div>
  </div>
</DocumentFragment>
`;
